// Jest Snapshot v1, https://goo.gl/fbAQLP

exports[`<ResultsList /> renders without crashing 1`] = `
<section>
  <h2>
    Showing 2 results:
  </h2>
  <ResultsCard
    author="Brian Heater"
    description="You don’t need Qoobo in your life. Nobody needs Qoobo, exactly. In fact, first reactions tend to range from befuddlement to bemusement. The robotic cat pillow doesn’t make a ton of sense on the face of it — in part because Qoobo has no face."
    key="2021-01-17T09:30:00-05:00"
    publishedAt="2021-01-17T09:30:00-05:00"
    source={
      Object {
        "id": "123456",
        "name": "Techcrunch",
      }
    }
    title="An earnest review of a robotic cat pillow"
    url="https://techcrunch.com/2020/12/30/an-earnest-review-of-a-robotic-cat-pillow/"
  />
  <ResultsCard
    author="BBC News"
    description="Tony Wittman allegedly stormed the shelter on Monday in full camouflage gear and pointed an assault rifle at a female worker."
    key="2021-01-17T09:30:00-05:00"
    publishedAt="2021-01-17T09:30:00-05:00"
    source={
      Object {
        "id": "789101",
        "name": "BBC News",
      }
    }
    title="Australia: Man held after armed raid in search of cat"
    url="https://www.bbc.co.uk/news/world-australia-55667023"
  />
</section>
`;
